<html>
<body>
<pre>
<h1>礦ision Build Log</h1>
<h2>Tool Versions:</h2>
IDE-Version: μVision V5.38.0.0
Copyright (C) 2022 ARM Ltd and ARM Germany GmbH. All rights reserved.
License Information: W l, 1, LIC=W96CK-ZHYYY-E0XN4-FS3SU-S94MT-7MG3V
 
Tool Versions:
Toolchain:       MDK-ARM Professional  Version: 5.11.0.0
Toolchain Path:  C:\Keil_v5\ARM\ARMCC\Bin
C Compiler:      Armcc.exe V5.04 update 1 (build 49)
Assembler:       Armasm.exe V5.04 update 1 (build 49)
Linker/Locator:  ArmLink.exe V5.04 update 1 (build 49)
Library Manager: ArmAr.exe V5.04 update 1 (build 49)
Hex Converter:   FromElf.exe V5.04 update 1 (build 49)
CPU DLL:         SARMCM3.DLL V5.11.0.0
Dialog DLL:      DCM.DLL V1.11.0.0
Target DLL:      STLink\ST-LINKIII-KEIL_SWO.dll V2.0.6.0_KEIL
Dialog DLL:      TCM.DLL V1.14.1.0
 
<h2>Project:</h2>
K:\大学基本信息\嵌入式\stm32_dozeclock-main\myproj.uvproj
Project File Date:  12/28/2024

<h2>Output:</h2>
*** Using Compiler 'V5.04 update 1 (build 49)', folder: 'C:\Keil_v5\ARM\ARMCC\Bin'
Build target 'E4.1'
compiling main.c...
.\Driver\oled.h(46): warning:  #1-D: last line of file ends without a newline
   
Program\global.h(71): warning:  #1-D: last line of file ends without a newline
  #endif
.\Driver\beep.h(26): warning:  #1-D: last line of file ends without a newline
  void  BeepToggle(void);
Program\main.c(143): warning:  #177-D: variable "Timelevel" was declared but never referenced
  	uint16_t Timelevel;
Program\main.c(340): warning:  #177-D: variable "timeBuffer" was declared but never referenced
      uint8_t timeBuffer[16]; 
Program\main.c(679): warning:  #188-D: enumerated type mixed with another type
                  currentSelection = (currentSelection - 1 + 4) % 4;
Program\main.c(765): warning:  #188-D: enumerated type mixed with another type
                  currentSelection = (currentSelection + 1) % 4;
Program\main.c: 7 warnings, 0 errors
linking...
Program Size: Code=16588 RO-data=4720 RW-data=356 ZI-data=1636  
FromELF: creating hex file...
".\myproj.axf" - 0 Error(s), 7 Warning(s).
Build Time Elapsed:  00:00:01
</pre>
</body>
</html>
